// Jest Snapshot v1, https://goo.gl/fbAQLP

exports[`App renders 1`] = `"trshcmpctr.comwelcomehey hello hithe highlightslistitem"`;
