// Jest Snapshot v1, https://goo.gl/fbAQLP

exports[`eslint-config-jest calculated config snapshots env 1`] = `
{
  "jest/globals": true,
}
`;

exports[`eslint-config-jest calculated config snapshots rules 1`] = `
{
  "jest/consistent-test-it": [
    "error",
  ],
  "jest/expect-expect": [
    "warn",
  ],
  "jest/no-alias-methods": [
    "error",
  ],
  "jest/no-commented-out-tests": [
    "warn",
  ],
  "jest/no-conditional-expect": [
    "error",
  ],
  "jest/no-deprecated-functions": [
    "error",
  ],
  "jest/no-disabled-tests": [
    "warn",
  ],
  "jest/no-done-callback": [
    "error",
  ],
  "jest/no-export": [
    "error",
  ],
  "jest/no-focused-tests": [
    "error",
  ],
  "jest/no-identical-title": [
    "error",
  ],
  "jest/no-interpolation-in-snapshots": [
    "error",
  ],
  "jest/no-jasmine-globals": [
    "error",
  ],
  "jest/no-mocks-import": [
    "error",
  ],
  "jest/no-standalone-expect": [
    "error",
  ],
  "jest/no-test-prefixes": [
    "error",
  ],
  "jest/valid-describe-callback": [
    "error",
  ],
  "jest/valid-expect": [
    "error",
  ],
  "jest/valid-expect-in-promise": [
    "error",
  ],
  "jest/valid-title": [
    "error",
  ],
  "quotes": [
    "warn",
    "single",
    {
      "allowTemplateLiterals": true,
      "avoidEscape": true,
    },
  ],
}
`;
